============================================================
New Features - Comprehensive Test Suite
============================================================

[1] Dynasty Evolution - Normal Cases
  [PASS] Han dynasty params (diameter/blades)
  [PASS] Tang/Song params monotonic increase
  [PASS] Three dynasties comparison completeness
  [PASS] Song simulation: normal speed & water level
  [PASS] Evolution timeline: event count & structure
  [PASS] Tech score: Song > Han (tech progress)

[1] Dynasty Evolution - Boundary Cases
  [PASS] Boundary: very low speed (1rpm) + low water (0.5m)
  [PASS] Boundary: high speed (50rpm) + high water (10m)
  [PASS] Tech progress: Song water output > Han at same conditions
  [PASS] Timeline diversity: multiple innovation types

[1] Dynasty Evolution - Error/Edge Cases
  [PASS] Error: invalid dynasty type
  [PASS] Error: negative speed graceful handling
  [PASS] Error: negative water level graceful handling
  [PASS] Error: zero speed handling

[2] Cross-Era Comparison - Normal Cases
  [PASS] Efficiency comparison: structure completeness
  [PASS] Efficiency comparison: values in (0,1)
  [PASS] Cost comparison: annual cost calculation
  [PASS] Env impact: carbon emission calculation
  [PASS] Full comparison: complete structure
  [PASS] Efficiency curves: 10 points double-curve
  [PASS] Comparison summary: returns dict with expected keys
  [PASS] Comparison summary: key_metrics has multiple entries

[2] Cross-Era Comparison - Boundary Cases
  [PASS] Boundary: low vs high flow off-design efficiency
  [PASS] Boundary: zero annual operating hours
  [PASS] Affinity laws: speed increase boosts performance
  [PASS] Efficiency curves: pump efficiency positive range

[2] Cross-Era Comparison - Error/Edge Cases
  [PASS] Error: negative water level (no crash)
  [PASS] Error: negative annual hours graceful
  [PASS] Error: zero flow power calculation
  [PASS] Full comparison: recommendation text non-empty

[3] Multi-Wheel Scheduling - Normal Cases
  [PASS] Single wheel single zone: basic scheduling
  [PASS] Two wheels: total capacity calculation
  [PASS] Priority scheduling: high priority zones first
  [PASS] Load balancing: hour difference minimized
  [PASS] Schedule generation: time slot structure
  [PASS] Recommendations: list with type/message
  [PASS] Schedule result: fulfillment ratio in [0,1]

[3] Multi-Wheel Scheduling - Boundary Cases
  [PASS] Boundary: small demand, large capacity (full supply)
  [PASS] Boundary: large demand, small capacity (shortage)
  [PASS] Large scale: 8 wheels + 12 zones
  [PASS] Boundary: under-repair wheel not available
  [PASS] Completion time: single wheel large volume

[3] Multi-Wheel Scheduling - Error/Edge Cases
  [PASS] Error: duplicate wheel add (no crash)
  [PASS] Error: empty scheduler (0 wheels, 0 zones)
  [PASS] Error: zero wheels completion estimate

[4] Treading Experience - Normal Cases
  [PASS] Create session: basic field completeness
  [PASS] Update session: returned state fields
  [PASS] 20 steps: water & calories accumulate
  [PASS] Physics model: instantaneous state
  [PASS] Calories: real-time calorie counting (session tracking

[4] Treading Experience - Boundary Cases
  [PASS] Fatigue model: 10s vs 1h exponential decay
  [PASS] Power boundary: low vs high force & cadence
  [PASS] Inertia model: first-order lag approaches target
  [PASS] Calorie estimate: 1 hour at 100W
  [PASS] Water lifted: 1 hour at 100W
  [PASS] Difficulty levels: level 5 > level 1 resistance
  [FAIL] Difficulty diff: easier = higher RPM at same force: AssertionError: 

[4] Treading Experience - Error/Edge Cases
  [PASS] Error: invalid session ID returns None
  [PASS] Error: zero force & cadence (rest state)
  [PASS] Error: empty leaderboard query
  [PASS] Error: double end session (no crash)
  [PASS] Leaderboard: 2-user ranking correctness
  [PASS] Session lookup: valid returns session, invalid None

============================================================
Tests complete: 62 passed, 1 failed
============================================================

By module:
  Dynasty evolution:   14 tests
  Cross-era comparison: 16 tests
  Multi-wheel scheduling: 15 tests
  Treading experience: 18 tests
  Total: 63 tests
